// Jest Snapshot v1, https://goo.gl/fbAQLP

exports[`Cell 1`] = `
<div
  style={
    Object {
      "background": "rgb(6, 194, 243)",
      "border": "1px solid #fff",
      "color": "#fff",
      "display": "inline-block",
      "fontSize": "20px",
      "height": "20px",
      "marginLeft": "2px",
      "padding": "25px",
    }
  }
>
  o
</div>
`;
