// Jest Snapshot v1, https://goo.gl/fbAQLP

exports[`Box: snapshot test 1`] = `
<div>
  <div
    style={
      Object {
        "marginTop": "44px",
      }
    }
  >
    <div
      className="cell-box"
      onClick={[Function]}
    >
      O
    </div>
     
    <div
      className="cell-box"
      onClick={[Function]}
    >
      X
    </div>
     
    <div
      className="cell-box"
      onClick={[Function]}
    >
      O
    </div>
  </div>
  <div
    style={
      Object {
        "marginTop": "44px",
      }
    }
  >
    <div
      className="cell-box"
      onClick={[Function]}
    >
      X
    </div>
     
    <div
      className="cell-box"
      onClick={[Function]}
    >
      O
    </div>
     
    <div
      className="cell-box"
      onClick={[Function]}
    >
      O
    </div>
  </div>
  <div
    style={
      Object {
        "marginTop": "44px",
      }
    }
  >
    <div
      className="cell-box"
      onClick={[Function]}
    >
      X
    </div>
     
    <div
      className="cell-box"
      onClick={[Function]}
    >
      X
    </div>
     
    <div
      className="cell-box"
      onClick={[Function]}
    >
      O
    </div>
  </div>
</div>
`;
