// Jest Snapshot v1, https://goo.gl/fbAQLP

exports[`Box:Snapshot 1`] = `
<div
  style={
    Object {
      "textAlign": "center",
    }
  }
>
  <div>
    <div
      onClick={[Function]}
      style={
        Object {
          "backgroundColor": "#2c98f0",
          "borderradius": "3px",
          "color": "#fff",
          "cursor": "pointer",
          "display": "inline-block",
          "margin": "1px",
          "padding": "10px 15px",
        }
      }
    >
      o
    </div>
    <div
      onClick={[Function]}
      style={
        Object {
          "backgroundColor": "#2c98f0",
          "borderradius": "3px",
          "color": "#fff",
          "cursor": "pointer",
          "display": "inline-block",
          "margin": "1px",
          "padding": "10px 15px",
        }
      }
    >
      x
    </div>
    <div
      onClick={[Function]}
      style={
        Object {
          "backgroundColor": "#2c98f0",
          "borderradius": "3px",
          "color": "#fff",
          "cursor": "pointer",
          "display": "inline-block",
          "margin": "1px",
          "padding": "10px 15px",
        }
      }
    >
      o
    </div>
  </div>
  <div>
    <div
      onClick={[Function]}
      style={
        Object {
          "backgroundColor": "#2c98f0",
          "borderradius": "3px",
          "color": "#fff",
          "cursor": "pointer",
          "display": "inline-block",
          "margin": "1px",
          "padding": "10px 15px",
        }
      }
    >
      x
    </div>
    <div
      onClick={[Function]}
      style={
        Object {
          "backgroundColor": "#2c98f0",
          "borderradius": "3px",
          "color": "#fff",
          "cursor": "pointer",
          "display": "inline-block",
          "margin": "1px",
          "padding": "10px 15px",
        }
      }
    >
      x
    </div>
    <div
      onClick={[Function]}
      style={
        Object {
          "backgroundColor": "#2c98f0",
          "borderradius": "3px",
          "color": "#fff",
          "cursor": "pointer",
          "display": "inline-block",
          "margin": "1px",
          "padding": "10px 15px",
        }
      }
    >
      x
    </div>
  </div>
  <div>
    <div
      onClick={[Function]}
      style={
        Object {
          "backgroundColor": "#2c98f0",
          "borderradius": "3px",
          "color": "#fff",
          "cursor": "pointer",
          "display": "inline-block",
          "margin": "1px",
          "padding": "10px 15px",
        }
      }
    >
      o
    </div>
    <div
      onClick={[Function]}
      style={
        Object {
          "backgroundColor": "#2c98f0",
          "borderradius": "3px",
          "color": "#fff",
          "cursor": "pointer",
          "display": "inline-block",
          "margin": "1px",
          "padding": "10px 15px",
        }
      }
    >
      x
    </div>
    <div
      onClick={[Function]}
      style={
        Object {
          "backgroundColor": "#2c98f0",
          "borderradius": "3px",
          "color": "#fff",
          "cursor": "pointer",
          "display": "inline-block",
          "margin": "1px",
          "padding": "10px 15px",
        }
      }
    >
      o
    </div>
  </div>
</div>
`;
