// Jest Snapshot v1, https://goo.gl/fbAQLP

exports[`Box:snapshot 1`] = `
<div>
  <div
    style={
      Object {
        "textAlign": "center",
      }
    }
  >
    <div
      onClick={[Function]}
      style={
        Object {
          "background": "rgb(6, 194, 243)",
          "border": "1px solid #fff",
          "color": "#fff",
          "display": "inline-block",
          "fontSize": "20px",
          "height": "20px",
          "marginLeft": "2px",
          "padding": "25px",
        }
      }
    >
      o
       
    </div>
    <div
      onClick={[Function]}
      style={
        Object {
          "background": "rgb(6, 194, 243)",
          "border": "1px solid #fff",
          "color": "#fff",
          "display": "inline-block",
          "fontSize": "20px",
          "height": "20px",
          "marginLeft": "2px",
          "padding": "25px",
        }
      }
    >
      x
       
    </div>
    <div
      onClick={[Function]}
      style={
        Object {
          "background": "rgb(6, 194, 243)",
          "border": "1px solid #fff",
          "color": "#fff",
          "display": "inline-block",
          "fontSize": "20px",
          "height": "20px",
          "marginLeft": "2px",
          "padding": "25px",
        }
      }
    >
      o
       
    </div>
  </div>
  <div
    style={
      Object {
        "textAlign": "center",
      }
    }
  >
    <div
      onClick={[Function]}
      style={
        Object {
          "background": "rgb(6, 194, 243)",
          "border": "1px solid #fff",
          "color": "#fff",
          "display": "inline-block",
          "fontSize": "20px",
          "height": "20px",
          "marginLeft": "2px",
          "padding": "25px",
        }
      }
    >
      x
       
    </div>
    <div
      onClick={[Function]}
      style={
        Object {
          "background": "rgb(6, 194, 243)",
          "border": "1px solid #fff",
          "color": "#fff",
          "display": "inline-block",
          "fontSize": "20px",
          "height": "20px",
          "marginLeft": "2px",
          "padding": "25px",
        }
      }
    >
      x
       
    </div>
    <div
      onClick={[Function]}
      style={
        Object {
          "background": "rgb(6, 194, 243)",
          "border": "1px solid #fff",
          "color": "#fff",
          "display": "inline-block",
          "fontSize": "20px",
          "height": "20px",
          "marginLeft": "2px",
          "padding": "25px",
        }
      }
    >
      o
       
    </div>
  </div>
  <div
    style={
      Object {
        "textAlign": "center",
      }
    }
  >
    <div
      onClick={[Function]}
      style={
        Object {
          "background": "rgb(6, 194, 243)",
          "border": "1px solid #fff",
          "color": "#fff",
          "display": "inline-block",
          "fontSize": "20px",
          "height": "20px",
          "marginLeft": "2px",
          "padding": "25px",
        }
      }
    >
      o
       
    </div>
    <div
      onClick={[Function]}
      style={
        Object {
          "background": "rgb(6, 194, 243)",
          "border": "1px solid #fff",
          "color": "#fff",
          "display": "inline-block",
          "fontSize": "20px",
          "height": "20px",
          "marginLeft": "2px",
          "padding": "25px",
        }
      }
    >
      x
       
    </div>
    <div
      onClick={[Function]}
      style={
        Object {
          "background": "rgb(6, 194, 243)",
          "border": "1px solid #fff",
          "color": "#fff",
          "display": "inline-block",
          "fontSize": "20px",
          "height": "20px",
          "marginLeft": "2px",
          "padding": "25px",
        }
      }
    >
      x
       
    </div>
  </div>
</div>
`;
