// Jest Snapshot v1, https://goo.gl/fbAQLP

exports[`Row Snapshot Test 1`] = `
<div>
  <div
    className="Cell"
    onClick={undefined}
  >
    <h1>
      o
    </h1>
  </div>
  <div
    className="Cell"
    onClick={undefined}
  >
    <h1>
      x
    </h1>
  </div>
  <div
    className="Cell"
    onClick={undefined}
  >
    <h1>
      o
    </h1>
  </div>
</div>
`;
