// Jest Snapshot v1, https://goo.gl/fbAQLP

exports[`Row:Snapshot 1`] = `
<div>
  <div
    onClick={undefined}
    style={
      Object {
        "backgroundColor": "#2c98f0",
        "borderradius": "3px",
        "color": "#fff",
        "cursor": "pointer",
        "display": "inline-block",
        "margin": "1px",
        "padding": "10px 15px",
      }
    }
  >
    d
  </div>
  <div
    onClick={undefined}
    style={
      Object {
        "backgroundColor": "#2c98f0",
        "borderradius": "3px",
        "color": "#fff",
        "cursor": "pointer",
        "display": "inline-block",
        "margin": "1px",
        "padding": "10px 15px",
      }
    }
  >
    a
  </div>
  <div
    onClick={undefined}
    style={
      Object {
        "backgroundColor": "#2c98f0",
        "borderradius": "3px",
        "color": "#fff",
        "cursor": "pointer",
        "display": "inline-block",
        "margin": "1px",
        "padding": "10px 15px",
      }
    }
  >
    t
  </div>
</div>
`;
