// Jest Snapshot v1, https://goo.gl/fbAQLP

exports[`Box: snapshot test 1`] = `
<div
  style={
    Object {
      "marginTop": "44px",
    }
  }
>
  <div
    className="cell-box"
  >
    O
  </div>
   
  <div
    className="cell-box"
  >
    X
  </div>
   
  <div
    className="cell-box"
  >
    O
  </div>
</div>
`;
