// Jest Snapshot v1, https://goo.gl/fbAQLP

exports[`Row: Snapshot test 1`] = `
<div>
  <div
    className="Cell-button Cell-button__blue disabled-cell"
    onClick={undefined}
  >
    X
  </div>
  <div
    className="Cell-button Cell-button__blue disabled-cell"
    onClick={undefined}
  >
    O
  </div>
  <div
    className="Cell-button Cell-button__blue disabled-cell"
    onClick={undefined}
  >
    X
  </div>
</div>
`;
