// Jest Snapshot v1, https://goo.gl/fbAQLP

exports[`Button component App Snapshot Test 1`] = `
<div
  className="App"
>
  <div
    className="App-intro"
  >
    <div>
      <div>
        <div
          className="Cell "
          onClick={[Function]}
          style={
            Object {
              "backgroundColor": "red",
            }
          }
        >
          
        </div>
        <div
          className="Cell "
          onClick={[Function]}
          style={
            Object {
              "backgroundColor": "red",
            }
          }
        >
          
        </div>
        <div
          className="Cell "
          onClick={[Function]}
          style={
            Object {
              "backgroundColor": "red",
            }
          }
        >
          
        </div>
      </div>
      <div>
        <div
          className="Cell "
          onClick={[Function]}
          style={
            Object {
              "backgroundColor": "red",
            }
          }
        >
          
        </div>
        <div
          className="Cell "
          onClick={[Function]}
          style={
            Object {
              "backgroundColor": "red",
            }
          }
        >
          
        </div>
        <div
          className="Cell "
          onClick={[Function]}
          style={
            Object {
              "backgroundColor": "red",
            }
          }
        >
          
        </div>
      </div>
      <div>
        <div
          className="Cell "
          onClick={[Function]}
          style={
            Object {
              "backgroundColor": "red",
            }
          }
        >
          
        </div>
        <div
          className="Cell "
          onClick={[Function]}
          style={
            Object {
              "backgroundColor": "red",
            }
          }
        >
          
        </div>
        <div
          className="Cell "
          onClick={[Function]}
          style={
            Object {
              "backgroundColor": "red",
            }
          }
        >
          
        </div>
      </div>
    </div>
  </div>
</div>
`;
