// Jest Snapshot v1, https://goo.gl/fbAQLP

exports[`App component App: renders correctly 1`] = `
<div>
  <div
    className="app"
  >
    <div
      className="title"
    >
      Welcome to tic-tac-toa
    </div>
    <div
      className="text"
    >
      Please start playing
    </div>
    <div>
      <div
        className="cell "
        onClick={[Function]}
      >
        
      </div>
      <div
        className="cell "
        onClick={[Function]}
      >
        
      </div>
      <div
        className="cell "
        onClick={[Function]}
      >
        
      </div>
    </div>
    <div>
      <div
        className="cell "
        onClick={[Function]}
      >
        
      </div>
      <div
        className="cell "
        onClick={[Function]}
      >
        
      </div>
      <div
        className="cell "
        onClick={[Function]}
      >
        
      </div>
    </div>
    <div>
      <div
        className="cell "
        onClick={[Function]}
      >
        
      </div>
      <div
        className="cell "
        onClick={[Function]}
      >
        
      </div>
      <div
        className="cell "
        onClick={[Function]}
      >
        
      </div>
    </div>
    <p
      className="windows-style"
    >
      Power By Chaowalit
    </p>
  </div>
</div>
`;
